{
  "version": "1.2.0",
  "plugins_used": [
    {
      "name": "ArtifactoryDetector"
    },
    {
      "name": "AWSKeyDetector"
    },
    {
      "name": "AzureStorageKeyDetector"
    },
    {
      "name": "Base64HighEntropyString",
      "limit": 4.5
    },
    {
      "name": "BasicAuthDetector"
    },
    {
      "name": "CloudantDetector"
    },
    {
      "name": "GitHubTokenDetector"
    },
    {
      "name": "HexHighEntropyString",
      "limit": 3.0
    },
    {
      "name": "IbmCloudIamDetector"
    },
    {
      "name": "IbmCosHmacDetector"
    },
    {
      "name": "JwtTokenDetector"
    },
    {
      "name": "KeywordDetector",
      "keyword_exclude": ""
    },
    {
      "name": "MailchimpDetector"
    },
    {
      "name": "NpmDetector"
    },
    {
      "name": "PrivateKeyDetector"
    },
    {
      "name": "SendGridDetector"
    },
    {
      "name": "SlackDetector"
    },
    {
      "name": "SoftlayerDetector"
    },
    {
      "name": "SquareOAuthDetector"
    },
    {
      "name": "StripeDetector"
    },
    {
      "name": "TwilioKeyDetector"
    }
  ],
  "filters_used": [
    {
      "path": "detect_secrets.filters.allowlist.is_line_allowlisted"
    },
    {
      "path": "detect_secrets.filters.common.is_ignored_due_to_verification_policies",
      "min_level": 2
    },
    {
      "path": "detect_secrets.filters.heuristic.is_indirect_reference"
    },
    {
      "path": "detect_secrets.filters.heuristic.is_likely_id_string"
    },
    {
      "path": "detect_secrets.filters.heuristic.is_lock_file"
    },
    {
      "path": "detect_secrets.filters.heuristic.is_not_alphanumeric_string"
    },
    {
      "path": "detect_secrets.filters.heuristic.is_potential_uuid"
    },
    {
      "path": "detect_secrets.filters.heuristic.is_prefixed_with_dollar_sign"
    },
    {
      "path": "detect_secrets.filters.heuristic.is_sequential_string"
    },
    {
      "path": "detect_secrets.filters.heuristic.is_swagger_file"
    },
    {
      "path": "detect_secrets.filters.heuristic.is_templated_secret"
    }
  ],
  "results": {
    ".env": [
      {
        "type": "Base64 High Entropy String",
        "filename": ".env",
        "hashed_secret": "b2860a94c87c51796e02f89aede0afc9b524d4ba",
        "is_verified": false,
        "line_number": 1
      },
      {
        "type": "Secret Keyword",
        "filename": ".env",
        "hashed_secret": "b2860a94c87c51796e02f89aede0afc9b524d4ba",
        "is_verified": false,
        "line_number": 1
      },
      {
        "type": "Base64 High Entropy String",
        "filename": ".env",
        "hashed_secret": "4d645059c621c11fc07d6afd81f8f600fb197f67",
        "is_verified": false,
        "line_number": 3
      },
      {
        "type": "Secret Keyword",
        "filename": ".env",
        "hashed_secret": "4d645059c621c11fc07d6afd81f8f600fb197f67",
        "is_verified": false,
        "line_number": 3
      }
    ],
    ".venv/lib/python3.9/site-packages/pip/_vendor/certifi/cacert.pem": [
      {
        "type": "Artifactory Credentials",
        "filename": ".venv/lib/python3.9/site-packages/pip/_vendor/certifi/cacert.pem",
        "hashed_secret": "01a8898a572688edd2e1406f91c93d05a77124c4",
        "is_verified": false,
        "line_number": 962
      }
    ],
    ".venv/lib/python3.9/site-packages/pip/_vendor/urllib3/util/url.py": [
      {
        "type": "Basic Auth Credentials",
        "filename": ".venv/lib/python3.9/site-packages/pip/_vendor/urllib3/util/url.py",
        "hashed_secret": "5baa61e4c9b93f3f0682250b6cf8331b7ee68fd8",
        "is_verified": false,
        "line_number": 148
      }
    ],
    "source/lib/python3.9/site-packages/pip/_vendor/certifi/cacert.pem": [
      {
        "type": "Artifactory Credentials",
        "filename": "source/lib/python3.9/site-packages/pip/_vendor/certifi/cacert.pem",
        "hashed_secret": "01a8898a572688edd2e1406f91c93d05a77124c4",
        "is_verified": false,
        "line_number": 962
      }
    ],
    "source/lib/python3.9/site-packages/pip/_vendor/urllib3/util/url.py": [
      {
        "type": "Basic Auth Credentials",
        "filename": "source/lib/python3.9/site-packages/pip/_vendor/urllib3/util/url.py",
        "hashed_secret": "5baa61e4c9b93f3f0682250b6cf8331b7ee68fd8",
        "is_verified": false,
        "line_number": 148
      }
    ]
  },
  "generated_at": "2026-05-24T21:40:15Z"
}
